// Jest Snapshot v1, https://goo.gl/fbAQLP

exports[`AddressBanner should render correctly in "debug" mode 1`] = `ShallowWrapper {}`;

exports[`ContactUsData should render correctly in "debug" mode 1`] = `ShallowWrapper {}`;
